[
  {
    "group": "all",
    "value": "all",
    "policy": "body",
    "tasks": 58,
    "all_files_at8": 50,
    "all_files_at50": 56,
    "mean_file_recall_at8": 0.8620689655172413
  },
  {
    "group": "all",
    "value": "all",
    "policy": "metadata",
    "tasks": 58,
    "all_files_at8": 27,
    "all_files_at50": 40,
    "mean_file_recall_at8": 0.46551724137931033
  },
  {
    "group": "all",
    "value": "all",
    "policy": "rrf",
    "tasks": 58,
    "all_files_at8": 44,
    "all_files_at50": 57,
    "mean_file_recall_at8": 0.7586206896551724
  },
  {
    "group": "all",
    "value": "all",
    "policy": "max-0.25",
    "tasks": 58,
    "all_files_at8": 32,
    "all_files_at50": 41,
    "mean_file_recall_at8": 0.5517241379310345
  },
  {
    "group": "all",
    "value": "all",
    "policy": "max-0.5",
    "tasks": 58,
    "all_files_at8": 41,
    "all_files_at50": 52,
    "mean_file_recall_at8": 0.7068965517241379
  },
  {
    "group": "all",
    "value": "all",
    "policy": "max-0.75",
    "tasks": 58,
    "all_files_at8": 48,
    "all_files_at50": 56,
    "mean_file_recall_at8": 0.8275862068965517
  },
  {
    "group": "all",
    "value": "all",
    "policy": "minmax-0.25",
    "tasks": 58,
    "all_files_at8": 27,
    "all_files_at50": 57,
    "mean_file_recall_at8": 0.46551724137931033
  },
  {
    "group": "all",
    "value": "all",
    "policy": "minmax-0.5",
    "tasks": 58,
    "all_files_at8": 50,
    "all_files_at50": 57,
    "mean_file_recall_at8": 0.8620689655172413
  },
  {
    "group": "all",
    "value": "all",
    "policy": "minmax-0.75",
    "tasks": 58,
    "all_files_at8": 51,
    "all_files_at50": 57,
    "mean_file_recall_at8": 0.8793103448275862
  }
]
