   Compiling graph-search-core v0.1.0 (/Volumes/Delorean/code/graph-search/crates/core)
   Compiling graph-search-engine v0.1.0 (/Volumes/Delorean/code/graph-search/crates/engine)
error[E0277]: the trait bound `str: Clone` is not satisfied
    --> crates/engine/src/manifest_records.rs:32:24
     |
  32 |         self.0.paths().cloned().collect()
     |                        ^^^^^^ the trait `Clone` is not implemented for `str`
     |
help: the trait `Clone` is implemented for `std::string::String`
    --> /Volumes/Delorean/rust/rustup/toolchains/stable-aarch64-apple-darwin/lib/rustlib/src/rust/library/alloc/src/string.rs:2377:1
     |
2377 | impl Clone for String {
     | ^^^^^^^^^^^^^^^^^^^^^
note: required by a bound in `cloned`
    --> /Volumes/Delorean/rust/rustup/toolchains/stable-aarch64-apple-darwin/lib/rustlib/src/rust/library/core/src/iter/traits/iterator.rs:3561:12
     |
3559 |     fn cloned<'a, T>(self) -> Cloned<Self>
     |        ------ required by a bound in this associated function
3560 |     where
3561 |         T: Clone + 'a,
     |            ^^^^^ required by this bound in `Iterator::cloned`

error[E0599]: `Cloned<impl Iterator<Item = &str>>` is not an iterator
  --> crates/engine/src/manifest_records.rs:32:33
   |
32 |         self.0.paths().cloned().collect()
   |                                 ^^^^^^^ `Cloned<impl Iterator<Item = &str>>` is not an iterator
   |
  ::: /Volumes/Delorean/rust/rustup/toolchains/stable-aarch64-apple-darwin/lib/rustlib/src/rust/library/core/src/iter/adapters/cloned.rs:18:1
   |
18 | pub struct Cloned<I> {
   | -------------------- doesn't satisfy `Cloned<impl Iterator<Item = &str>>: Iterator`
   |
   = note: the following trait bounds were not satisfied:
           `Cloned<impl Iterator<Item = &str>>: Iterator`
           which is required by `&mut Cloned<impl Iterator<Item = &str>>: Iterator`

Some errors have detailed explanations: E0277, E0599.
For more information about an error, try `rustc --explain E0277`.
error: could not compile `graph-search-engine` (lib test) due to 2 previous errors
