   Compiling graph-search v0.1.0 (/Volumes/Delorean/code/graph-search/crates/graph-search)
    Finished `test` profile [unoptimized + debuginfo] target(s) in 7.27s
     Running tests/source_units.rs (target/debug/deps/source_units-b362033cea55fb6e)

running 7 tests
test parser_and_nonparser_text_publish_hash_bound_source_regions ... ok
test reopening_rejects_hash_consistent_facts_with_a_foreign_owner ... ok
test a_legacy_generation_rebuilds_source_facts_before_automatic_queries ... ok
test noop_sync_needs_only_the_header_and_timestamp_refresh_keeps_raw_facts ... ok
test legacy_identifier_facts_upgrade_without_blocking_reopen_or_using_old_analysis ... ok
test changed_removed_renamed_and_rebound_source_facts_match_a_clean_build ... ok
test representation_drift_is_reported_and_cannot_reuse_same_hash_body_facts ... ok

test result: ok. 7 passed; 0 failed; 0 ignored; 0 measured; 0 filtered out; finished in 0.67s

     Running tests/store_exclusion.rs (target/debug/deps/store_exclusion-7478c038ba8a199b)

running 6 tests
test store_cannot_contain_the_source_root ... ok
test external_store_leaves_same_named_source_directory_searchable ... ok
test configured_store_exclusion_survives_replacing_defaults ... ok
test symlink_store_and_root_use_the_actual_subtree ... ok
test policy_change_removes_previously_indexed_storage ... ok
test custom_in_tree_store_stays_out_of_source_after_reopen ... ok

test result: ok. 6 passed; 0 failed; 0 ignored; 0 measured; 0 filtered out; finished in 0.33s

     Running tests/typescript_config.rs (target/debug/deps/typescript_config-d71ed27dac931ce0)

running 3 tests
test persisted_configuration_validation_rejects_invalid_bounds_paths_and_old_versions ... ok
test declared_configuration_dependencies_do_not_bypass_source_exclusions ... ok
test configuration_facts_survive_reopen_and_incremental_changes_match_clean_rebuild ... ok

test result: ok. 3 passed; 0 failed; 0 ignored; 0 measured; 0 filtered out; finished in 0.46s

     Running tests/typescript_files.rs (target/debug/deps/typescript_files-8acbcee229a94527)

running 3 tests
test unavailable_package_boundaries_block_directory_guessing_and_are_not_source_files ... ok
test oversized_and_ignored_preferred_files_block_fallback_until_removed_or_admitted ... ok
test higher_priority_file_creation_removal_rename_and_config_edits_match_clean_rebuilds ... ok

test result: ok. 3 passed; 0 failed; 0 ignored; 0 measured; 0 filtered out; finished in 1.17s

     Running tests/typescript_inheritance.rs (target/debug/deps/typescript_inheritance-3ea8a6591f580e5a)

running 1 test
test inherited_options_track_published_parent_edits_deletion_and_recreation ... ok

test result: ok. 1 passed; 0 failed; 0 ignored; 0 measured; 0 filtered out; finished in 0.59s

     Running tests/typescript_roots.rs (target/debug/deps/typescript_roots-56d627fb437ef7c9)

running 1 test
test inherited_membership_mutations_and_file_changes_match_rebuilds_after_reopen ... ok

test result: ok. 1 passed; 0 failed; 0 ignored; 0 measured; 0 filtered out; finished in 0.61s

     Running tests/work.rs (target/debug/deps/work-b84a5b38ae42e735)

running 22 tests
test a_reused_engine_inherits_prior_work_only_for_its_first_query ... ok
test cancellation_and_deadline_fail_explicitly_before_reconciliation ... ok
test explore_impact_reuses_root_edges_and_preserves_partial_counts ... ok
test explore_shares_read_work_across_items_and_withholds_budget_exhausted_source ... ok
test explore_impact_counts_transitive_callers_once_through_cycles_and_diamonds ... ok
test cycle_traversal_is_bounded_and_limits_are_reported ... ok
test automatic_cold_build_exhaustion_does_not_publish ... ok
test freshness_and_retrieval_share_allowances_without_resetting_spent_work ... ok
test impossible_metadata_does_not_consume_the_later_candidates_source_allowance ... ok
test invalid_sources_still_consume_literal_read_work ... ok
test literal_source_budgets_filter_before_admission_and_never_return_a_prefix ... ok
test automatic_incremental_hash_and_extraction_share_allowances ... ok
test graph_filters_limit_output_while_result_caps_keep_compact_boundary_references ... ok
test query_walk_limits_report_partial_enumeration_and_reset_per_service_call ... ok
test returned_edge_limits_preserve_work_counts_and_impact_totals ... ok
test successive_core_walks_share_entry_allowance_without_changing_policy_identity ... ok
test status_honors_work_limits_and_uses_exact_cached_counts ... ok
test walk_served_queries_honor_host_cancellation_and_deadlines_without_an_index ... ok
test metadata_examination_limits_are_reported_and_reset_per_query ... ok
test strict_verification_and_automatic_rebuild_share_allowances ... ok
test explore_captures_source_once_across_build_verification_and_evidence ... ok
test strict_explore_capture_detects_restored_metadata_and_is_not_reused_by_next_request ... ok

test result: ok. 22 passed; 0 failed; 0 ignored; 0 measured; 0 filtered out; finished in 0.85s

