   Compiling graph-search-core v0.1.0 (/Volumes/Delorean/code/graph-search/crates/core)
    Finished `test` profile [unoptimized + debuginfo] target(s) in 11.27s
     Running unittests src/lib.rs (target/debug/deps/graph_search_core-d622bdbc35bc9359)

running 21 tests
test typescript_aliases::tests::mapped_misses_suppress_base_url_and_substitutions_stop_on_success_or_error ... ok
test typescript_aliases::tests::exact_keys_longest_prefix_and_authored_ties_choose_one_pattern ... ok
test typescript_aliases::tests::effective_base_url_overrides_paths_origin_and_trailing_directory_intent_survives ... ok
test typescript_aliases::tests::loader_receives_authored_substitution_even_when_expanded_paths_are_identical ... ok
test typescript_files::tests::authored_extensions_and_wildcard_introduced_extensions_have_different_priority ... ok
test typescript_aliases::tests::empty_wildcards_unicode_and_dot_prefixed_bare_names_preserve_compiler_dispatch ... ok
test typescript_files::tests::modes_separate_extensionless_and_index_loading_from_esm ... ok
test typescript_files::tests::json_declaration_wrappers_runtime_families_and_custom_extensions_are_distinct ... ok
test typescript_files::tests::presence_errors_are_recorded_cached_and_cannot_invent_admission ... ok
test typescript_files::tests::package_boundaries_cannot_be_bypassed_or_mistaken_for_admitted_source ... ok
test typescript_files::tests::unavailable_and_unknown_preferred_candidates_never_select_a_lower_priority_file ... ok
test typescript_files::tests::suffix_order_is_inside_extension_order_and_omitted_empty_suffix_does_not_fall_back ... ok
test typescript_files::tests::unsupported_options_and_noncanonical_candidates_fail_explicitly ... ok
test typescript_patterns::tests::excludes_match_prefixes_and_work_is_bounded ... ok
test typescript_aliases::tests::invalid_shapes_origins_escapes_and_expansion_limits_fail_before_loader_use ... ok
test typescript_roots::tests::inherited_membership_and_output_paths_use_their_declaring_config ... ok
test typescript_patterns::tests::wildcard_boundaries_hidden_paths_and_minified_files ... ok
test typescript_roots::tests::files_are_literal_roots_and_exclusions_only_filter_wildcards ... ok
test typescript_roots::tests::source_priority_retains_explicit_files_and_declaration_js_coexistence ... FAILED
test typescript_files::tests::negative_observations_are_deduplicated_and_budget_is_shared_across_substitutions ... ok
test typescript_roots::tests::unsupported_fields_paths_templates_and_limits_fail_without_partial_roots ... ok

failures:

---- typescript_roots::tests::source_priority_retains_explicit_files_and_declaration_js_coexistence stdout ----

thread 'typescript_roots::tests::source_priority_retains_explicit_files_and_declaration_js_coexistence' (83158212) panicked at crates/core/src/typescript_roots.rs:317:9:
assertion `left == right` failed
  left: {"a.js", "a.ts", "b.d.ts", "b.js", "c.cts", "c.d.cts"}
 right: {"a.js", "a.ts", "b.d.ts", "b.js", "c.cts"}
note: run with `RUST_BACKTRACE=1` environment variable to display a backtrace


failures:
    typescript_roots::tests::source_priority_retains_explicit_files_and_declaration_js_coexistence

test result: FAILED. 20 passed; 1 failed; 0 ignored; 0 measured; 174 filtered out; finished in 0.03s

error: test failed, to rerun pass `-p graph-search-core --lib`
