   Compiling graph-search-core v0.1.0 (/Volumes/Delorean/code/graph-search/crates/core)
   Compiling graph-search-langs v0.1.0 (/Volumes/Delorean/code/graph-search/crates/langs)
   Compiling graph-search-engine v0.1.0 (/Volumes/Delorean/code/graph-search/crates/engine)
   Compiling graph-search v0.1.0 (/Volumes/Delorean/code/graph-search/crates/graph-search)
    Finished `test` profile [unoptimized + debuginfo] target(s) in 33.17s
     Running tests/typescript_config.rs (target/debug/deps/typescript_config-d71ed27dac931ce0)

running 3 tests
test persisted_configuration_validation_rejects_invalid_bounds_paths_and_old_versions ... ok
test declared_configuration_dependencies_do_not_bypass_source_exclusions ... ok
test configuration_facts_survive_reopen_and_incremental_changes_match_clean_rebuild ... ok

test result: ok. 3 passed; 0 failed; 0 ignored; 0 measured; 0 filtered out; finished in 0.45s

     Running tests/typescript_files.rs (target/debug/deps/typescript_files-8acbcee229a94527)

running 3 tests
test unavailable_package_boundaries_block_directory_guessing_and_are_not_source_files ... ok
test oversized_and_ignored_preferred_files_block_fallback_until_removed_or_admitted ... ok
test higher_priority_file_creation_removal_rename_and_config_edits_match_clean_rebuilds ... ok

test result: ok. 3 passed; 0 failed; 0 ignored; 0 measured; 0 filtered out; finished in 1.08s

     Running tests/typescript_inheritance.rs (target/debug/deps/typescript_inheritance-3ea8a6591f580e5a)

running 1 test
test inherited_options_track_published_parent_edits_deletion_and_recreation ... ok

test result: ok. 1 passed; 0 failed; 0 ignored; 0 measured; 0 filtered out; finished in 0.45s

     Running tests/typescript_roots.rs (target/debug/deps/typescript_roots-56d627fb437ef7c9)

running 1 test
test inherited_membership_mutations_and_file_changes_match_rebuilds_after_reopen ... ok

test result: ok. 1 passed; 0 failed; 0 ignored; 0 measured; 0 filtered out; finished in 0.56s

