+ git archive 4dd6af6
+ cargo build --locked --offline --manifest-path /var/folders/0_/tcsp33wx1zgdnv9ymvq4_skc0000gn/T/graph-search-baseline-33t16ybx/research/harness/Cargo.toml
   Compiling libc v0.2.189
   Compiling proc-macro2 v1.0.107
   Compiling unicode-ident v1.0.26
   Compiling quote v1.0.47
   Compiling serde_core v1.0.229
   Compiling shlex v2.0.1
   Compiling crossbeam-utils v0.8.23
   Compiling find-msvc-tools v0.1.13
   Compiling cfg-if v1.0.5
   Compiling cc v1.4.7
   Compiling memchr v2.8.3
   Compiling crossbeam-epoch v0.9.21
   Compiling equivalent v1.0.2
   Compiling tree-sitter-language v0.1.8
   Compiling crossbeam-deque v0.8.8
   Compiling serde v1.0.229
   Compiling aho-corasick v1.1.5
   Compiling regex-syntax v0.8.11
   Compiling syn v3.0.6
   Compiling parking_lot_core v0.9.12
   Compiling zmij v1.0.23
   Compiling thiserror v2.0.20
   Compiling version_check v0.9.5
   Compiling scopeguard v1.2.0
   Compiling smallvec v1.16.1
   Compiling lock_api v0.4.14
   Compiling generic-array v0.14.7
   Compiling once_cell v1.21.4
   Compiling itoa v1.0.18
   Compiling foldhash v0.2.0
   Compiling allocator-api2 v0.2.21
   Compiling virtue v0.0.18
   Compiling hashbrown v0.14.5
   Compiling rayon-core v1.13.0
   Compiling hashbrown v0.17.1
   Compiling regex-automata v0.4.18
   Compiling unty v0.0.4
   Compiling typenum v1.20.1
   Compiling crc32fast v1.5.2
   Compiling bytes v1.12.1
   Compiling bincode_derive v2.0.1
   Compiling indexmap v2.14.2
   Compiling dashmap v6.2.1
   Compiling parking_lot v0.12.5
   Compiling crossbeam-queue v0.3.14
   Compiling crossbeam-channel v0.5.17
   Compiling bumpalo v3.20.3
   Compiling byteorder v1.5.0
   Compiling serde_json v1.0.151
   Compiling tinyvec v1.13.3
   Compiling either v1.18.0
   Compiling crossbeam v0.8.5
   Compiling rayon v1.12.0
   Compiling unicode-normalization v0.1.25
   Compiling regex v1.13.1
   Compiling serde_derive v1.0.229
   Compiling thiserror-impl v2.0.20
   Compiling tokio-macros v2.7.2
   Compiling block-buffer v0.10.4
   Compiling crypto-common v0.1.7
   Compiling bstr v1.13.1
   Compiling same-file v1.0.6
   Compiling regex-lite v0.1.9
   Compiling log v0.4.34
   Compiling pin-project-lite v0.2.17
   Compiling tokio v1.53.1
   Compiling globset v0.4.20
   Compiling walkdir v2.5.0
   Compiling digest v0.10.7
   Compiling cpufeatures v0.2.17
   Compiling memmap2 v0.9.11
   Compiling fs2 v0.4.3
   Compiling sha2 v0.10.9
   Compiling ignore v0.4.33
   Compiling tree-sitter-rust v0.24.2
   Compiling tree-sitter-css v0.25.0
   Compiling tree-sitter-html v0.23.2
   Compiling tree-sitter-typescript v0.23.2
   Compiling tree-sitter-javascript v0.25.0
   Compiling tree-sitter v0.27.0
   Compiling arcstr v1.2.0
   Compiling bincode v2.0.1
   Compiling graph-search-types v0.1.0 (/var/folders/0_/tcsp33wx1zgdnv9ymvq4_skc0000gn/T/graph-search-baseline-33t16ybx/crates/types)
   Compiling streaming-iterator v0.1.9
   Compiling getrandom v0.4.3
   Compiling winnow v1.0.4
   Compiling rustix v1.1.5
   Compiling toml_parser v1.1.3+spec-1.1.0
   Compiling grafeo-common v0.5.42
   Compiling toml_datetime v1.1.1+spec-1.1.0
   Compiling serde_spanned v1.1.1
   Compiling errno v0.3.14
   Compiling toml_writer v1.1.2+spec-1.1.0
   Compiling bitflags v2.13.2
   Compiling fastrand v2.5.0
   Compiling graph-search-core v0.1.0 (/var/folders/0_/tcsp33wx1zgdnv9ymvq4_skc0000gn/T/graph-search-baseline-33t16ybx/crates/core)
   Compiling toml v1.1.6+spec-1.1.0
   Compiling grafeo-core v0.5.42
   Compiling grafeo-storage v0.5.42
   Compiling graph-search-langs v0.1.0 (/var/folders/0_/tcsp33wx1zgdnv9ymvq4_skc0000gn/T/graph-search-baseline-33t16ybx/crates/langs)
   Compiling tempfile v3.27.0
   Compiling grafeo-adapters v0.5.42
   Compiling grafeo-engine v0.5.42
   Compiling grafeo v0.5.42
   Compiling graph-search-engine v0.1.0 (/var/folders/0_/tcsp33wx1zgdnv9ymvq4_skc0000gn/T/graph-search-baseline-33t16ybx/crates/engine)
   Compiling graph-search v0.1.0 (/var/folders/0_/tcsp33wx1zgdnv9ymvq4_skc0000gn/T/graph-search-baseline-33t16ybx/crates/graph-search)
   Compiling search-research v0.1.0 (/var/folders/0_/tcsp33wx1zgdnv9ymvq4_skc0000gn/T/graph-search-baseline-33t16ybx/research/harness)
    Finished `dev` profile [unoptimized + debuginfo] target(s) in 19.56s
+ python3 /private/tmp/graph-search-research/research/scripts/prepare.py
+ /private/tmp/search-research-baseline /private/tmp/graph-search-research/research/fixtures/semantics /private/tmp/graph-search-research/research/results/semantics-queries.json
+ /private/tmp/search-research-baseline /Users/ant/code/nanus /private/tmp/graph-search-research/research/results/nanus-queries.json
+ /private/tmp/search-research-baseline /Users/ant/code/blogwright /private/tmp/graph-search-research/research/results/blogwright-queries.json
+ /private/tmp/search-research-baseline /Users/ant/code/whatsurvey /private/tmp/graph-search-research/research/results/whatsurvey-queries.json
+ python3 /private/tmp/graph-search-research/research/scripts/compare.py
nanus {'baseline': 7, 'fts_metadata': 10, 'fts_body': 10, 'codegraph_raw_fts': 0, 'codegraph_query': 0, 'codegraph_explore': 0}
blogwright {'baseline': 7, 'fts_metadata': 10, 'fts_body': 10, 'codegraph_raw_fts': 10, 'codegraph_query': 10, 'codegraph_explore': 10}
whatsurvey {'baseline': 7, 'fts_metadata': 9, 'fts_body': 9, 'codegraph_raw_fts': 9, 'codegraph_query': 9, 'codegraph_explore': 10}
+ python3 /private/tmp/graph-search-research/research/scripts/expanded.py baseline
nanus baseline [('exact', 'graph_search', 30), ('exact', 'fts_metadata', 30), ('split', 'graph_search', 14), ('split', 'fts_metadata', 30)]
blogwright baseline [('exact', 'graph_search', 30), ('exact', 'fts_metadata', 29), ('split', 'graph_search', 12), ('split', 'fts_metadata', 29)]
whatsurvey baseline [('exact', 'graph_search', 30), ('exact', 'fts_metadata', 30), ('split', 'graph_search', 6), ('split', 'fts_metadata', 30)]
+ cargo build --locked --offline --manifest-path /private/tmp/graph-search-research/research/harness/Cargo.toml
    Finished `dev` profile [unoptimized + debuginfo] target(s) in 0.28s
+ python3 /private/tmp/graph-search-research/research/scripts/fixed.py
semantics 39 56 0
nanus 5876 26660 3
blogwright 7453 18847 4167
whatsurvey 16566 48495 14441
+ python3 /private/tmp/graph-search-research/research/scripts/expanded.py fixed
nanus fixed [('exact', 'graph_search', 30), ('exact', 'fts_metadata', 30), ('split', 'graph_search', 14), ('split', 'fts_metadata', 30)]
blogwright fixed [('exact', 'graph_search', 30), ('exact', 'fts_metadata', 29), ('split', 'graph_search', 12), ('split', 'fts_metadata', 29)]
whatsurvey fixed [('exact', 'graph_search', 30), ('exact', 'fts_metadata', 30), ('split', 'graph_search', 6), ('split', 'fts_metadata', 30)]
+ python3 /private/tmp/graph-search-research/research/scripts/natural.py
nanus {'baseline': 2, 'fixed': 2, 'fts_metadata': 3, 'fts_body': 4, 'codegraph_explore': 0}
blogwright {'baseline': 1, 'fixed': 1, 'fts_metadata': 3, 'fts_body': 3, 'codegraph_explore': 2}
whatsurvey {'baseline': 0, 'fixed': 0, 'fts_metadata': 2, 'fts_body': 2, 'codegraph_explore': 3}
+ python3 /private/tmp/graph-search-research/research/scripts/application_edges.py
baseline 1 fixed 8 of 8
+ python3 /private/tmp/graph-search-research/research/scripts/summarize.py
{
  "corpora": [
    [
      "nanus",
      185,
      5876,
      22493,
      5876,
      26660
    ],
    [
      "blogwright",
      337,
      7450,
      15419,
      7453,
      18847
    ],
    [
      "whatsurvey",
      1113,
      16557,
      40533,
      16566,
      48495
    ]
  ],
  "discovery": [
    [
      "nanus",
      "7/10",
      "8/10",
      "10/10",
      "10/10",
      "not run",
      "not run",
      "not run"
    ],
    [
      "blogwright",
      "7/10",
      "8/10",
      "10/10",
      "10/10",
      "10/10",
      "10/10",
      "10/10"
    ],
    [
      "whatsurvey",
      "7/10",
      "8/10",
      "9/10",
      "9/10",
      "9/10",
      "9/10",
      "10/10"
    ]
  ],
  "expanded": [
    [
      "nanus",
      "baseline",
      "exact",
      "30/30",
      0.978,
      "30/30",
      0.983,
      "not run"
    ],
    [
      "nanus",
      "baseline",
      "split",
      "14/30",
      0.212,
      "30/30",
      0.983,
      "not run"
    ],
    [
      "nanus",
      "fixed",
      "exact",
      "30/30",
      0.978,
      "30/30",
      0.983,
      "not run"
    ],
    [
      "nanus",
      "fixed",
      "split",
      "14/30",
      0.212,
      "30/30",
      0.983,
      "not run"
    ],
    [
      "blogwright",
      "baseline",
      "exact",
      "30/30",
      1.0,
      "29/30",
      0.94,
      "28/30"
    ],
    [
      "blogwright",
      "baseline",
      "split",
      "12/30",
      0.177,
      "29/30",
      0.94,
      "11/30"
    ],
    [
      "blogwright",
      "fixed",
      "exact",
      "30/30",
      1.0,
      "29/30",
      0.94,
      "28/30"
    ],
    [
      "blogwright",
      "fixed",
      "split",
      "12/30",
      0.177,
      "29/30",
      0.94,
      "11/30"
    ],
    [
      "whatsurvey",
      "baseline",
      "exact",
      "30/30",
      1.0,
      "30/30",
      0.897,
      "29/30"
    ],
    [
      "whatsurvey",
      "baseline",
      "split",
      "6/30",
      0.106,
      "30/30",
      0.897,
      "4/30"
    ],
    [
      "whatsurvey",
      "fixed",
      "exact",
      "30/30",
      1.0,
      "30/30",
      0.897,
      "29/30"
    ],
    [
      "whatsurvey",
      "fixed",
      "split",
      "6/30",
      0.106,
      "30/30",
      0.897,
      "4/30"
    ]
  ],
  "natural": [
    [
      "nanus",
      "2/5",
      "2/5",
      "3/5",
      "4/5",
      "not run"
    ],
    [
      "blogwright",
      "1/5",
      "1/5",
      "3/5",
      "3/5",
      "2/5"
    ],
    [
      "whatsurvey",
      "0/5",
      "0/5",
      "2/5",
      "2/5",
      "3/5"
    ]
  ],
  "ownership": [
    [
      "nanus",
      12656,
      16,
      16776,
      3,
      3925,
      3712
    ],
    [
      "blogwright",
      6091,
      6091,
      8285,
      4167,
      1544,
      1783
    ],
    [
      "whatsurvey",
      16805,
      16805,
      22122,
      14441,
      3961,
      4265
    ]
  ],
  "latency": [
    [
      "nanus",
      1593,
      1817,
      283.07,
      291.88
    ],
    [
      "blogwright",
      1960,
      2575,
      355.61,
      356.7
    ],
    [
      "whatsurvey",
      3814,
      5483,
      756.13,
      773.57
    ]
  ],
  "application_edges": {
    "baseline": 1,
    "fixed": 8,
    "total": 8
  }
}
